[2025-12-04 08:24:01]SQLSTATE[42S22]: Column not found: 1054 Unknown column 'u.bank_account' in 'SELECT'
[2025-12-04 08:24:48]SQLSTATE[42S22]: Column not found: 1054 Unknown column 'u.bank_account' in 'SELECT'
[2025-12-04 08:26:22]SQLSTATE[42S22]: Column not found: 1054 Unknown column 'u.bank_account' in 'SELECT'
[2025-12-05 03:23:25]SQLSTATE[HY093]: Invalid parameter number: number of bound variables does not match number of tokens
[2025-12-05 03:23:27]SQLSTATE[HY093]: Invalid parameter number: number of bound variables does not match number of tokens
[2025-12-05 04:54:34]SQLSTATE[42000]: Syntax error or access violation: 1064 You have an error in your SQL syntax; check the manual that corresponds to your MariaDB server version for the right syntax to use near '.amount,t.current_balance, t.status, t.created_at, t.transaction_code, 
    ...' at line 1
[2025-12-05 04:54:34]SQLSTATE[42000]: Syntax error or access violation: 1064 You have an error in your SQL syntax; check the manual that corresponds to your MariaDB server version for the right syntax to use near '.amount,t.current_balance, t.status, t.created_at, t.transaction_code, 
    ...' at line 1
[2025-12-05 04:54:34]SQLSTATE[42000]: Syntax error or access violation: 1064 You have an error in your SQL syntax; check the manual that corresponds to your MariaDB server version for the right syntax to use near '.amount,t.current_balance, t.status, t.created_at, t.transaction_code, 
    ...' at line 1
[2025-12-05 04:57:02]SQLSTATE[42000]: Syntax error or access violation: 1064 You have an error in your SQL syntax; check the manual that corresponds to your MariaDB server version for the right syntax to use near '.amount,t.current_balance, t.status, t.created_at, t.transaction_code, 
    ...' at line 1
[2025-12-05 04:57:02]SQLSTATE[42000]: Syntax error or access violation: 1064 You have an error in your SQL syntax; check the manual that corresponds to your MariaDB server version for the right syntax to use near '.amount,t.current_balance, t.status, t.created_at, t.transaction_code, 
    ...' at line 1
[2025-12-05 04:57:02]SQLSTATE[42000]: Syntax error or access violation: 1064 You have an error in your SQL syntax; check the manual that corresponds to your MariaDB server version for the right syntax to use near '.amount,t.current_balance, t.status, t.created_at, t.transaction_code, 
    ...' at line 1
[2025-12-05 04:57:04]SQLSTATE[42000]: Syntax error or access violation: 1064 You have an error in your SQL syntax; check the manual that corresponds to your MariaDB server version for the right syntax to use near '.amount,t.current_balance, t.status, t.created_at, t.transaction_code, 
    ...' at line 1
[2025-12-05 04:57:04]SQLSTATE[42000]: Syntax error or access violation: 1064 You have an error in your SQL syntax; check the manual that corresponds to your MariaDB server version for the right syntax to use near '.amount,t.current_balance, t.status, t.created_at, t.transaction_code, 
    ...' at line 1
[2025-12-05 04:57:04]SQLSTATE[42000]: Syntax error or access violation: 1064 You have an error in your SQL syntax; check the manual that corresponds to your MariaDB server version for the right syntax to use near '.amount,t.current_balance, t.status, t.created_at, t.transaction_code, 
    ...' at line 1
[2025-12-05 07:46:27] SQLSTATE[42S02]: Base table or view not found: 1146 Table 'nlilgdgwhosting_learnixfpoly.withdraw_requests' doesn't exist
[2025-12-05 07:46:32] SQLSTATE[42S02]: Base table or view not found: 1146 Table 'nlilgdgwhosting_learnixfpoly.withdraw_requests' doesn't exist
